MPLINK 4.49, Linker
Linker Map File - Created Sat Apr 15 15:40:33 2017

                                 Section Info
                  Section       Type    Address   Location Size(Bytes)
                ---------  ---------  ---------  ---------  ---------
                   .org_0       code   0x000000    program   0x000002
                   .cinit    romdata   0x000001    program   0x000004
                   .org_1       code   0x000004    program   0x000042
   .config_2007_16F628A.O       code   0x002007    program   0x000002



                              Program Memory Usage 
                               Start         End      
                           ---------   ---------      
                            0x000000    0x000002      
                            0x000004    0x000024      
                            0x002007    0x002007      
            37 out of 2182 program addresses used, program memory utilization is 1%



                              Symbols - Sorted by Name
                     Name    Address   Location    Storage File                     
                ---------  ---------  ---------  --------- ---------                
                BOTAO_LIB   0x000023    program     static D:\UFFS\Org\NP1\Tarefa 2 - RISC I\16f628a.asm
              BOTAO_PRESS   0x000021    program     static D:\UFFS\Org\NP1\Tarefa 2 - RISC I\16f628a.asm
                      FOR   0x00000c    program     static D:\UFFS\Org\NP1\Tarefa 2 - RISC I\16f628a.asm
                   INICIO   0x00000f    program     static D:\UFFS\Org\NP1\Tarefa 2 - RISC I\16f628a.asm
                     MAIN   0x00001e    program     static D:\UFFS\Org\NP1\Tarefa 2 - RISC I\16f628a.asm
                  SAI_INT   0x000007    program     static D:\UFFS\Org\NP1\Tarefa 2 - RISC I\16f628a.asm



                              Symbols - Sorted by Address
                     Name    Address   Location    Storage File                     
                ---------  ---------  ---------  --------- ---------                
                  SAI_INT   0x000007    program     static D:\UFFS\Org\NP1\Tarefa 2 - RISC I\16f628a.asm
                      FOR   0x00000c    program     static D:\UFFS\Org\NP1\Tarefa 2 - RISC I\16f628a.asm
                   INICIO   0x00000f    program     static D:\UFFS\Org\NP1\Tarefa 2 - RISC I\16f628a.asm
                     MAIN   0x00001e    program     static D:\UFFS\Org\NP1\Tarefa 2 - RISC I\16f628a.asm
              BOTAO_PRESS   0x000021    program     static D:\UFFS\Org\NP1\Tarefa 2 - RISC I\16f628a.asm
                BOTAO_LIB   0x000023    program     static D:\UFFS\Org\NP1\Tarefa 2 - RISC I\16f628a.asm


